-----------------------------126356235715487141514164235415
Content-Disposition: form-data; name="projectName"

1
-----------------------------126356235715487141514164235415
Content-Disposition: form-data; name="projectGrade"

2
-----------------------------126356235715487141514164235415
Content-Disposition: form-data; name="expectedTime"

3
-----------------------------126356235715487141514164235415
Content-Disposition: form-data; name="realTime"

4
-----------------------------126356235715487141514164235415
Content-Disposition: form-data; name="experience"

5
-----------------------------126356235715487141514164235415
Content-Disposition: form-data; name="satisfaction"

1
-----------------------------126356235715487141514164235415
Content-Disposition: form-data; name="comments"

1313
-----------------------------126356235715487141514164235415
Content-Disposition: form-data; name="image"; filename=""
Content-Type: application/octet-stream


-----------------------------126356235715487141514164235415--
