REQUEST_METHOD: DELETE
QUERY_STRING: project_id=66
Extracted project_id: 66
Form data not found or invalid method.
REQUEST_METHOD: DELETE
QUERY_STRING: project_id=66
Extracted project_id: 66
Project with ID 66 successfully deleted.
REQUEST_METHOD: DELETE
QUERY_STRING: project_id=26
Extracted project_id: 26
Project with ID 26 successfully deleted.
REQUEST_METHOD: DELETE
QUERY_STRING: project_id=27
Extracted project_id: 27
Project with ID 27 successfully deleted.
REQUEST_METHOD: DELETE
QUERY_STRING: project_id=28
Extracted project_id: 28
Project with ID 28 successfully deleted.
REQUEST_METHOD: DELETE
QUERY_STRING: project_id=29
Extracted project_id: 29
Project with ID 29 successfully deleted.
REQUEST_METHOD: DELETE
QUERY_STRING: project_id=60
Extracted project_id: 60
Project with ID 60 successfully deleted.
REQUEST_METHOD: DELETE
QUERY_STRING: project_id=61
Extracted project_id: 61
Project with ID 61 successfully deleted.
REQUEST_METHOD: DELETE
QUERY_STRING: project_id=63
Extracted project_id: 63
Project with ID 63 successfully deleted.
